2026-06-04 16:52:51,875 | INFO | Connecting to R1
2026-06-04 16:52:51,925 | INFO | Connected (version 2.0, client Cisco-1.25)
2026-06-04 16:52:52,350 | INFO | Authentication (password) successful!
2026-06-04 16:52:52,877 | INFO | Successfully connected to R1
2026-06-04 16:52:52,877 | INFO | Connecting to R2
2026-06-04 16:52:52,946 | INFO | Connected (version 2.0, client Cisco-1.25)
2026-06-04 16:52:53,372 | INFO | Authentication (password) successful!
2026-06-04 16:52:53,865 | INFO | Successfully connected to R2
2026-06-04 16:52:53,865 | INFO | Connecting to R3
2026-06-04 16:52:53,922 | INFO | Connected (version 2.0, client Cisco-1.25)
2026-06-04 16:52:54,341 | INFO | Authentication (password) successful!
2026-06-04 16:52:54,891 | INFO | Successfully connected to R3
2026-06-04 16:52:54,891 | INFO | Connecting to R4
2026-06-04 16:52:54,944 | INFO | Connected (version 2.0, client Cisco-1.25)
2026-06-04 16:52:55,371 | INFO | Authentication (password) successful!
2026-06-04 16:52:55,862 | INFO | Successfully connected to R4
2026-06-04 16:52:55,862 | INFO | Connecting to R5
2026-06-04 16:52:55,935 | INFO | Connected (version 2.0, client Cisco-1.25)
2026-06-04 16:52:56,373 | INFO | Authentication (password) successful!
2026-06-04 16:52:56,933 | INFO | Successfully connected to R5
2026-06-04 16:58:23,432 | INFO | Starting drift check for R1
2026-06-04 16:58:23,500 | INFO | Connected (version 2.0, client Cisco-1.25)
2026-06-04 16:58:23,927 | INFO | Authentication (password) successful!
2026-06-04 16:58:24,725 | INFO | No drift detected on R1
2026-06-04 16:58:24,725 | INFO | Starting drift check for R2
2026-06-04 16:58:24,763 | INFO | Connected (version 2.0, client Cisco-1.25)
2026-06-04 16:58:25,221 | INFO | Authentication (password) successful!
2026-06-04 16:58:25,978 | INFO | No drift detected on R2
2026-06-04 16:58:25,979 | INFO | Starting drift check for R3
2026-06-04 16:58:26,025 | INFO | Connected (version 2.0, client Cisco-1.25)
2026-06-04 16:58:26,441 | INFO | Authentication (password) successful!
2026-06-04 16:58:27,100 | INFO | No drift detected on R3
2026-06-04 16:58:27,100 | INFO | Starting drift check for R4
2026-06-04 16:58:27,160 | INFO | Connected (version 2.0, client Cisco-1.25)
2026-06-04 16:58:27,579 | INFO | Authentication (password) successful!
2026-06-04 16:58:28,254 | INFO | No drift detected on R4
2026-06-04 16:58:28,254 | INFO | Starting drift check for R5
2026-06-04 16:58:28,322 | INFO | Connected (version 2.0, client Cisco-1.25)
2026-06-04 16:58:28,740 | INFO | Authentication (password) successful!
2026-06-04 16:58:29,455 | INFO | No drift detected on R5
2026-06-04 16:58:29,455 | INFO | Drift detection run completed
2026-06-04 17:01:54,054 | INFO | Starting backup for R1
2026-06-04 17:01:54,102 | INFO | Connected (version 2.0, client Cisco-1.25)
2026-06-04 17:01:54,559 | INFO | Authentication (password) successful!
2026-06-04 17:01:55,252 | INFO | Backup successful backups/R1_20260604_170155.txt
2026-06-04 17:01:55,252 | INFO | Starting backup for R2
2026-06-04 17:01:55,314 | INFO | Connected (version 2.0, client Cisco-1.25)
2026-06-04 17:01:55,740 | INFO | Authentication (password) successful!
2026-06-04 17:01:56,511 | INFO | Backup successful backups/R2_20260604_170156.txt
2026-06-04 17:01:56,511 | INFO | Starting backup for R3
2026-06-04 17:01:56,530 | INFO | Connected (version 2.0, client Cisco-1.25)
2026-06-04 17:01:57,139 | INFO | Authentication (password) successful!
2026-06-04 17:01:57,821 | INFO | Backup successful backups/R3_20260604_170157.txt
2026-06-04 17:01:57,821 | INFO | Starting backup for R4
2026-06-04 17:01:57,875 | INFO | Connected (version 2.0, client Cisco-1.25)
2026-06-04 17:01:58,301 | INFO | Authentication (password) successful!
2026-06-04 17:01:59,037 | INFO | Backup successful backups/R4_20260604_170158.txt
2026-06-04 17:01:59,037 | INFO | Starting backup for R5
2026-06-04 17:01:59,081 | INFO | Connected (version 2.0, client Cisco-1.25)
2026-06-04 17:01:59,508 | INFO | Authentication (password) successful!
2026-06-04 17:02:00,180 | INFO | Backup successful backups/R5_20260604_170200.txt
